% TEXT, 90JIS
uphminl-h	UniJIS-UTF16-H	ipaexm.ttf
uphminl-v	UniJIS-UTF16-V	ipaexm.ttf
uphminr-h	UniJIS-UTF16-H	ipaexm.ttf
uphminr-v	UniJIS-UTF16-V	ipaexm.ttf
uphminb-h	unicode	SourceHanSansJP-Medium.otf
uphminb-v	unicode	SourceHanSansJP-Medium.otf
uphgothr-h	UniJIS-UTF16-H	ipaexg.ttf
uphgothr-v	UniJIS-UTF16-V	ipaexg.ttf
uphgothb-h	unicode	SourceHanSansJP-Bold.otf
uphgothb-v	unicode	SourceHanSansJP-Bold.otf
uphgotheb-h	unicode	SourceHanSansJP-Bold.otf
uphgotheb-v	unicode	SourceHanSansJP-Bold.otf
uphmgothr-h	unicode	SourceHanSansJP-Medium.otf
uphmgothr-v	unicode	SourceHanSansJP-Medium.otf

% TEXT, JIS04
uphminln-h	UniJIS2004-UTF16-H	ipaexm.ttf
uphminln-v	UniJIS2004-UTF16-V	ipaexm.ttf
uphminrn-h	UniJIS2004-UTF16-H	ipaexm.ttf
uphminrn-v	UniJIS2004-UTF16-V	ipaexm.ttf
uphminbn-h	unicode	SourceHanSansJP-Medium.otf
uphminbn-v	unicode SourceHanSansJP-Medium.otf
uphgothrn-h	UniJIS2004-UTF16-H	ipaexg.ttf
uphgothrn-v	UniJIS2004-UTF16-V	ipaexg.ttf
uphgothbn-h	unicode	SourceHanSansJP-Bold.otf
uphgothbn-v	unicode	SourceHanSansJP-Bold.otf
uphgothebn-h	unicode	SourceHanSansJP-Bold.otf
uphgothebn-v	unicode	SourceHanSansJP-Bold.otf
uphmgothrn-h	unicode	SourceHanSansJP-Medium.otf
uphmgothrn-v	unicode	SourceHanSansJP-Medium.otf

