% TEXT, 90JIS
uphminl-h	unicode	SourceHanSerif-Regular.otf
uphminl-v	unicode	SourceHanSerif-Regular.otf
uphminr-h	unicode	SourceHanSerif-Regular.otf
uphminr-v	unicode	SourceHanSerif-Regular.otf
uphminb-h	unicode	SourceHanSans-Medium.otf
uphminb-v	unicode	SourceHanSans-Medium.otf
uphgothr-h	UniJIS-UTF16-H	ipaexg.ttf
uphgothr-v	UniJIS-UTF16-V	ipaexg.ttf
uphgothb-h	unicode	SourceHanSans-Bold.otf
uphgothb-v	unicode	SourceHanSans-Bold.otf
uphgotheb-h	unicode	SourceHanSans-Bold.otf
uphgotheb-v	unicode	SourceHanSans-Bold.otf
uphmgothr-h	unicode	SourceHanSans-Medium.otf
uphmgothr-v	unicode	SourceHanSans-Medium.otf

% TEXT, JIS04
uphminln-h	unicode	SourceHanSerif-Regular.otf
uphminln-v	unicode	SourceHanSerif-Regular.otf
uphminrn-h	unicode	SourceHanSerif-Regular.otf
uphminrn-v	unicode	SourceHanSerif-Regular.otf
uphminbn-h	unicode	SourceHanSans-Medium.otf
uphminbn-v	unicode SourceHanSans-Medium.otf
uphgothrn-h	UniJIS2004-UTF16-H	ipaexg.ttf
uphgothrn-v	UniJIS2004-UTF16-V	ipaexg.ttf
uphgothbn-h	unicode	SourceHanSans-Bold.otf
uphgothbn-v	unicode	SourceHanSans-Bold.otf
uphgothebn-h	unicode	SourceHanSans-Bold.otf
uphgothebn-v	unicode	SourceHanSans-Bold.otf
uphmgothrn-h	unicode	SourceHanSans-Medium.otf
uphmgothrn-v	unicode	SourceHanSans-Medium.otf
